// Jest Snapshot v1, https://goo.gl/fbAQLP

exports[`Renderizar uma list de link com Class link 1`] = `
Array [
  <a
    class="link"
    href="/"
  >
    Inicial
  </a>,
  <a
    class="link"
    href="/"
  >
    Transferências
  </a>,
  <a
    class="link"
    href="/"
  >
    Investimentos
  </a>,
  <a
    class="link"
    href="/"
  >
    Outros serviços
  </a>,
]
`;
